

200~C:\Users\dinhl\Desktop\unit-1-git-practice

### Step 2A
	/c/Users/dinhl

### Step 2B
	/c/Users/dinhl/Desktop/unit-1-git-practice:

### Step 2C
	$ cd /c/Users/dinhl/Desktop/unit-1-git-practice

### Step 2D
	dinhl@DESKTOP-5S6LT8H MINGW64 ~
$ pwd
/c/Users/dinhl


### Step 2E
	ls

### Step 2F
	dinhl@DESKTOP-5S6LT8H MINGW64 ~/Desktop/unit-1-git-practice
	$ ls
	my-steps.txt

### Step 2G
	cd ~

### Step 2H
	$ pwd
/c/Users/dinhl


### Step 2I
	dinhl@DESKTOP-5S6LT8H MINGW64 ~
$ ls
 AppData/
'Application Data'@
 Contacts/
 Cookies@
 Desktop/
 Documents/
 Downloads/
 Favorites/
 IntelGraphicsProfiles/
 Links/
'Local Settings'@
 Music/
'My Documents'@
 NTUSER.DAT
 NTUSER.DAT{9cb96202-ad80-11ed-9798-82029079437f}.TM.blf
 NTUSER.DAT{9cb96202-ad80-11ed-9798-82029079437f}.TMContainer00000000000000000001.regtrans-ms
 NTUSER.DAT{9cb96202-ad80-11ed-9798-82029079437f}.TMContainer00000000000000000002.regtrans-ms
 NetHood@
 OneDrive/
 Pictures/
 PrintHood@
 Recent@
'Saved Games'/
 Searches/
 SendTo@
'Start Menu'@
 Templates@
 Videos/
 ntuser.dat.LOG1
 ntuser.dat.LOG2
 ntuser.ini


### Step 2J
		dinhl@DESKTOP-5S6LT8H MINGW64 ~
$ dinhl@DESKTOP-5S6LT8H MINGW64 ~
$ pwd
/c/Users/dinhl

### Step 2K

	$ cd /c/Users/dinhl/Desktop/unit-1-git-practice



### Step 3A
	pwd
	mkdir veggies
	mkdir meats
	mkdir desserts
	ls

	dinhl@DESKTOP-5S6LT8H MINGW64 ~/Desktop/unit-1-git-practice
$ mkdir veggies

dinhl@DESKTOP-5S6LT8H MINGW64 ~/Desktop/unit-1-git-practice
$ mkdir meats

dinhl@DESKTOP-5S6LT8H MINGW64 ~/Desktop/unit-1-git-practice
$ mkdir desserts

dinhl@DESKTOP-5S6LT8H MINGW64 ~/Desktop/unit-1-git-practice
$ ls
desserts/  meats/  my-steps.txt  photos/  veggies/


### Step 3B
	
	dinhl@DESKTOP-5S6LT8H MINGW64 ~/Desktop/unit-1-git-practice
$ mv desserts sweets

dinhl@DESKTOP-5S6LT8H MINGW64 ~/Desktop/unit-1-git-practice
$ ls
meats/  my-steps.txt  photos/  sweets/  veggies/




### Step 3C
	dinhl@DESKTOP-5S6LT8H MINGW64 ~/Desktop/unit-1-git-practice
$ mkdir proteins

dinhl@DESKTOP-5S6LT8H MINGW64 ~/Desktop/unit-1-git-practice
$ ls
meats/  my-steps.txt  photos/  proteins/  sweets/  veggies/




### Step 3D
	meats/  my-steps.txt  photos/  proteins/  sweets/  veggies/

dinhl@DESKTOP-5S6LT8H MINGW64 ~/Desktop/unit-1-git-practice
$ mv meats proteins/

dinhl@DESKTOP-5S6LT8H MINGW64 ~/Desktop/unit-1-git-practice
$ ls
my-steps.txt  photos/  proteins/  sweets/  veggies/

dinhl@DESKTOP-5S6LT8H MINGW64 ~/Desktop/unit-1-git-practice
$ cd proteins

dinhl@DESKTOP-5S6LT8H MINGW64 ~/Desktop/unit-1-git-practice/proteins
$ ls
meats/




### Step 3E
	dinhl@DESKTOP-5S6LT8H MINGW64 ~/Desktop/unit-1-git-practice/proteins
$ cd ~/Desktop/unit-1-git-practice

dinhl@DESKTOP-5S6LT8H MINGW64 ~/Desktop/unit-1-git-practice
$ cd veggies

dinhl@DESKTOP-5S6LT8H MINGW64 ~/Desktop/unit-1-git-practice/veggies
$ touch carrot.txt

dinhl@DESKTOP-5S6LT8H MINGW64 ~/Desktop/unit-1-git-practice/veggies
$ touch pea.txt

dinhl@DESKTOP-5S6LT8H MINGW64 ~/Desktop/unit-1-git-practice/veggies
$ ls
carrot.txt  pea.txt



### Step 3F
	dinhl@DESKTOP-5S6LT8H MINGW64 ~/Desktop/unit-1-git-practice/veggies
$ cd ~/Desktop/unit-1-git-practice

dinhl@DESKTOP-5S6LT8H MINGW64 ~/Desktop/unit-1-git-practice
$ cd sweets

dinhl@DESKTOP-5S6LT8H MINGW64 ~/Desktop/unit-1-git-practice/sweets
$ touch cookie.txt

dinhl@DESKTOP-5S6LT8H MINGW64 ~/Desktop/unit-1-git-practice/sweets
$ ls
cookie.txt



### Step 3G
	dinhl@DESKTOP-5S6LT8H MINGW64 ~/Desktop/unit-1-git-practice/sweets
$ mv cookie.txt donut.txt

dinhl@DESKTOP-5S6LT8H MINGW64 ~/Desktop/unit-1-git-practice/sweets
$ ls
donut.txt



### Step 3H
	dinhl@DESKTOP-5S6LT8H MINGW64 ~/Desktop/unit-1-git-practice/sweets
$ cd ~/Desktop/unit-1-git-practice

dinhl@DESKTOP-5S6LT8H MINGW64 ~/Desktop/unit-1-git-practice
$ touch thing.txt

dinhl@DESKTOP-5S6LT8H MINGW64 ~/Desktop/unit-1-git-practice
$ ls
my-steps.txt  photos/  proteins/  sweets/  thing.txt  veggies/


### Step 3I
	dinhl@DESKTOP-5S6LT8H MINGW64 ~/Desktop/unit-1-git-practice
$ cp thing.txt tofu.txt

dinhl@DESKTOP-5S6LT8H MINGW64 ~/Desktop/unit-1-git-practice
$ ls
my-steps.txt  photos/  proteins/  sweets/  thing.txt  tofu.txt  veggies/


### Step 3J
	dinhl@DESKTOP-5S6LT8H MINGW64 ~/Desktop/unit-1-git-practice
$ cd proteins

dinhl@DESKTOP-5S6LT8H MINGW64 ~/Desktop/unit-1-git-practice/proteins
$ ls
meats/  tofu.txt


### Step 3K
	dinhl@DESKTOP-5S6LT8H MINGW64 ~/desktop/unit-1-git-practice
$ cp thing.txt crab.txt

dinhl@DESKTOP-5S6LT8H MINGW64 ~/desktop/unit-1-git-practice
$ ls
crab.txt  my-steps.txt  photos/  proteins/  sweets/  thing.txt  veggies/

dinhl@DESKTOP-5S6LT8H MINGW64 ~/desktop/unit-1-git-practice
$ mv crab.txt proteins/

dinhl@DESKTOP-5S6LT8H MINGW64 ~/desktop/unit-1-git-practice
$ cd proteins

dinhl@DESKTOP-5S6LT8H MINGW64 ~/desktop/unit-1-git-practice/proteins
$ ls


### Step 3L
	dinhl@DESKTOP-5S6LT8H MINGW64 ~/desktop/unit-1-git-practice/proteins
$ cd  ~/desktop/unit-1-git-practice/

dinhl@DESKTOP-5S6LT8H MINGW64 ~/desktop/unit-1-git-practice
$ rm thing.txt

dinhl@DESKTOP-5S6LT8H MINGW64 ~/desktop/unit-1-git-practice
$ ls
my-steps.txt  photos/  proteins/  sweets/  veggies/


### Step 3M
	dinhl@DESKTOP-5S6LT8H MINGW64 ~/desktop/unit-1-git-practice
$ cp -r veggies plants


### Step 3N
	dinhl@DESKTOP-5S6LT8H MINGW64 ~/desktop/unit-1-git-practice
$ mkdir drinks

dinhl@DESKTOP-5S6LT8H MINGW64 ~/desktop/unit-1-git-practice
$ ls
drinks/  my-steps.txt  photos/  plants/  proteins/  sweets/  veggies/

dinhl@DESKTOP-5S6LT8H MINGW64 ~/desktop/unit-1-git-practice
$ rm -r drinks

dinhl@DESKTOP-5S6LT8H MINGW64 ~/desktop/unit-1-git-practice
$ ls
my-steps.txt plants/  proteins/  sweets/  veggies/



### Step 4
	PS C:\Users\dinhl> cd ~\desktop\unit-1-git-practice
PS C:\Users\dinhl\desktop\unit-1-git-practice>
PS C:\Users\dinhl\desktop\unit-1-git-practice> git init
Initialized empty Git repository in C:/Users/dinhl/Desktop/unit-1-git-practice/.git/
PS C:\Users\dinhl\desktop\unit-1-git-practice> git add .
warning: in the working copy of 'my-steps.txt', LF will be replaced by CRLF the next time Git touches it
PS C:\Users\dinhl\desktop\unit-1-git-practice> git status
On branch master

No commits yet

Changes to be committed:
  (use "git rm --cached <file>..." to unstage)
        new file:   my-steps.txt
        new file:   plants/carrot.txt
        new file:   plants/pea.txt
        new file:   proteins/crab.txt
        new file:   proteins/tofu.txt
        new file:   sweets/donut.txt
        new file:   veggies/carrot.txt
        new file:   veggies/pea.txt

PS C:\Users\dinhl\desktop\unit-1-git-practice> git commit -m "First Commit for Deliverable One"
[master (root-commit) ab18417] First Commit for Deliverable One
 8 files changed, 285 insertions(+)
 create mode 100644 my-steps.txt
 create mode 100644 plants/carrot.txt
 create mode 100644 plants/pea.txt
 create mode 100644 proteins/crab.txt
 create mode 100644 proteins/tofu.txt
 create mode 100644 sweets/donut.txt
 create mode 100644 veggies/carrot.txt
 create mode 100644 veggies/pea.txt
PS C:\Users\dinhl\desktop\unit-1-git-practice> git remote add origin https://github.com/dl058/disposable_one.git
PS C:\Users\dinhl\desktop\unit-1-git-practice> git branch -M main
PS C:\Users\dinhl\desktop\unit-1-git-practice> git push -u origin main
info: please complete authentication in your browser...


### Step 5
	Enumerating objects: 7, done.
Counting objects: 100% (7/7), done.
Delta compression using up to 8 threads
Compressing objects: 100% (5/5), done.
Writing objects: 100% (7/7), 1.41 KiB | 360.00 KiB/s, done.
Total 7 (delta 0), reused 0 (delta 0), pack-reused 0 (from 0)
To https://github.com/dl058/disposable_one.git
 * [new branch]      main -> main
branch 'main' set up to track 'origin/main'.
PS C:\Users\dinhl\desktop\unit-1-git-practice>
PS C:\Users\dinhl\desktop\unit-1-git-practice>
PS C:\Users\dinhl\desktop\unit-1-git-practice>
PS C:\Users\dinhl\desktop\unit-1-git-practice>
PS C:\Users\dinhl\desktop\unit-1-git-practice>
PS C:\Users\dinhl\desktop\unit-1-git-practice>
PS C:\Users\dinhl\desktop\unit-1-git-practice>
fwd-i-search: _

### Step 6


PS C:\Users\dinhl\desktop\unit-1-git-practice> git add .
warning: in the working copy of 'my-steps.txt', LF will be replaced by CRLF the next time Git touches it
PS C:\Users\dinhl\desktop\unit-1-git-practice> git add menu.txt
PS C:\Users\dinhl\desktop\unit-1-git-practice> ls


    Directory: C:\Users\dinhl\desktop\unit-1-git-practice


Mode                 LastWriteTime         Length Name
----                 -------------         ------ ----
d-----         7/22/2024  11:12 PM                plants
d-----         7/22/2024  11:05 PM                proteins
d-----         7/22/2024  10:52 PM                sweets
d-----         7/22/2024  10:49 PM                veggies
-a----         7/23/2024   2:39 PM              0 menu.txt
-a----         7/23/2024   2:31 PM           8074 my-steps.txt


PS C:\Users\dinhl\desktop\unit-1-git-practice> git status
On branch main
Your branch is up to date with 'origin/main'.

Changes to be committed:
  (use "git restore --staged <file>..." to unstage)
        new file:   menu.txt
        modified:   my-steps.txt

PS C:\Users\dinhl\desktop\unit-1-git-practice> git commit -m 'starting a menu'
[main 4be1ffa] starting a menu
 2 files changed, 55 insertions(+), 1 deletion(-)
 create mode 100644 menu.txt
PS C:\Users\dinhl\desktop\unit-1-git-practice> git push
Enumerating objects: 6, done.
Counting objects: 100% (6/6), done.
Delta compression using up to 8 threads
Compressing objects: 100% (3/3), done.
Writing objects: 100% (4/4), 1.22 KiB | 1.22 MiB/s, done.
Total 4 (delta 1), reused 0 (delta 0), pack-reused 0 (from 0)
remote: Resolving deltas: 100% (1/1), completed with 1 local object.
To https://github.com/dl058/disposable_one.git
   ab18417..4be1ffa  main -> main
PS C:\Users\dinhl\desktop\unit-1-git-practice>


### Step 7
*** DO NOT RECORD STEP 7 ***